---
source: crates/gitat-ui/src/widgets/conflict_editor.rs
assertion_line: 386
expression: buffer_to_string(&buf)
---
 Conflict: multi.rs — 0/2 resolved
┌ OURS ───────────────────────────┐┌ THEIRS ─────────────────────────┐
│c                                ││d                                │
│                                 ││                                 │
│                                 ││                                 │
│                                 ││                                 │
│                                 ││                                 │
│                                 ││                                 │
│                                 ││                                 │
└─────────────────────────────────┘└─────────────────────────────────┘
┌ RESULT ────────────────────────────────────────────────────────────┐
│a                                                                   │
│d                                                                   │
│                                                                    │
│                                                                    │
│                                                                    │
│                                                                    │
└────────────────────────────────────────────────────────────────────┘
